[ablation] running paged_torch ...
[ablation] paged_torch: 583.7 tok/s, 1555 steps, KV util 98.6%
[ablation] running paged_flash ...
[ablation] paged_flash: 1054.4 tok/s, 1637 steps, KV util 78.5%
[ablation] running paged_flash+graphs ...
[ablation] paged_flash+graphs: 1406.6 tok/s, 4156 steps, KV util 75.8%
[ablation] running paged_triton ...
[ablation] paged_triton: 917.6 tok/s, 1612 steps, KV util 98.4%
[ablation] running paged_triton+graphs ...
[ablation] paged_triton+graphs: 1393.9 tok/s, 3449 steps, KV util 98.1%
[ablation] running paged_triton+graphs+prefix ...
[ablation] paged_triton+graphs+prefix: 1393.5 tok/s, 3430 steps, KV util 98.1%
[ablation] running paged_flash+graphs+chunked ...
[ablation] paged_flash+graphs+chunked: 1405.9 tok/s, 3856 steps, KV util 75.8%
| config | tok/s | req/s | TTFT p50/p99 ms | TPOT p50/p99 ms | KV util |
|---|---:|---:|---:|---:|---:|
| paged_torch | 583.7 | 3.16 | 28.1 / 55.2 | 90.8 / 126.9 | 98.6% |
| paged_flash | 1054.4 | 5.71 | 20.2 / 21.7 | 26.7 / 31.8 | 78.5% |
| paged_flash+graphs | 1406.6 | 7.61 | 20.2 / 21.9 | 7.2 / 9.6 | 75.8% |
| paged_triton | 917.6 | 4.97 | 28.0 / 50.1 | 33.8 / 41.2 | 98.4% |
| paged_triton+graphs | 1393.9 | 7.54 | 28.0 / 45.7 | 9.3 / 13.7 | 98.1% |
| paged_triton+graphs+prefix | 1393.5 | 7.54 | 28.0 / 39.2 | 9.5 / 13.9 | 98.1% |
| paged_flash+graphs+chunked | 1405.9 | 7.61 | 26.7 / 59.1 | 7.6 / 10.7 | 75.8% |

wrote results/ablation_a100.json
